// Jest Snapshot v1, https://goo.gl/fbAQLP

exports[`App component renders App 1`] = `
<form
  className="Filter"
  onSubmit={[Function]}
>
  <input
    onChange={[Function]}
  />
  <button
    onClick={[Function]}
  >
    Search
  </button>
</form>
`;
